<?xml version="1.0" encoding="utf-8"?>
<TestRun id="a16fea72-b96b-4bd4-8468-410790011631" name="Asus@DESKTOP-GBNCN2L 2025-08-11 15:51:51" runUser="DESKTOP-GBNCN2L\Asus" xmlns="http://microsoft.com/schemas/VisualStudio/TeamTest/2010">
  <Times creation="2025-08-11T15:51:51.6563613-05:00" queuing="2025-08-11T15:51:51.6563617-05:00" start="2025-08-11T15:51:50.7280763-05:00" finish="2025-08-11T15:51:51.6904312-05:00" />
  <TestSettings name="default" id="0fe2778c-130b-4364-8e39-649aedb50d08">
    <Deployment runDeploymentRoot="Asus_DESKTOP-GBNCN2L_2025-08-11_15_51_51" />
  </TestSettings>
  <Results>
    <UnitTestResult executionId="ff38cb51-2dad-43e0-8da4-c38d27d6b680" testId="e96ff831-1f3d-a510-bae6-5e09bacfa144" testName="TryParse_DebeSerRobusto" computerName="DESKTOP-GBNCN2L" duration="00:00:00.0001440" startTime="2025-08-11T15:51:51.6219257-05:00" endTime="2025-08-11T15:51:51.6220694-05:00" testType="13cdc9d9-ddb5-4fa4-a97d-d965ccfc6d4b" outcome="Passed" testListId="8c84fa94-04c1-424b-9868-57a2d4851a1d" relativeResultsDirectory="ff38cb51-2dad-43e0-8da4-c38d27d6b680" />
    <UnitTestResult executionId="6aae9ec5-aa29-4093-8d4f-fb389a1a3986" testId="fdd9bf97-df52-caf3-e4a7-2f36afc3b412" testName="SerieSigueConvencion_DebeValidarPrefijosUsuales" computerName="DESKTOP-GBNCN2L" duration="00:00:00.0003710" startTime="2025-08-11T15:51:51.6213831-05:00" endTime="2025-08-11T15:51:51.6217542-05:00" testType="13cdc9d9-ddb5-4fa4-a97d-d965ccfc6d4b" outcome="Passed" testListId="8c84fa94-04c1-424b-9868-57a2d4851a1d" relativeResultsDirectory="6aae9ec5-aa29-4093-8d4f-fb389a1a3986" />
    <UnitTestResult executionId="72deb3e9-7b76-4111-853d-d7af14ab15ed" testId="2c91fa7e-0a80-8ff9-e543-a0a999b8d76a" testName="Json_DeserializaDesdeCodigoYAlias" computerName="DESKTOP-GBNCN2L" duration="00:00:00.0268290" startTime="2025-08-11T15:51:51.5898138-05:00" endTime="2025-08-11T15:51:51.6166406-05:00" testType="13cdc9d9-ddb5-4fa4-a97d-d965ccfc6d4b" outcome="Passed" testListId="8c84fa94-04c1-424b-9868-57a2d4851a1d" relativeResultsDirectory="72deb3e9-7b76-4111-853d-d7af14ab15ed" />
    <UnitTestResult executionId="c0d76c0a-2a76-4546-b3e0-96d7587cedbf" testId="ab0a2da5-3397-6c12-7e4b-3ac39b04a344" testName="From_AceptaCodigosYAliases_NormalizaACodigo(&quot;boleta&quot;,&quot;03&quot;)" computerName="DESKTOP-GBNCN2L" duration="00:00:00.0000100" startTime="2025-08-11T15:51:51.5632284-05:00" endTime="2025-08-11T15:51:51.5632385-05:00" testType="13cdc9d9-ddb5-4fa4-a97d-d965ccfc6d4b" outcome="Passed" testListId="8c84fa94-04c1-424b-9868-57a2d4851a1d" relativeResultsDirectory="c0d76c0a-2a76-4546-b3e0-96d7587cedbf" />
    <UnitTestResult executionId="a56d9d36-32ea-4eb5-bf16-e175da309f06" testId="46f5da54-8ef8-e9b6-5683-0b2a3cfce70c" testName="From_AceptaCodigosYAliases_NormalizaACodigo(&quot;Factura&quot;,&quot;01&quot;)" computerName="DESKTOP-GBNCN2L" duration="00:00:00.0000030" startTime="2025-08-11T15:51:51.5632180-05:00" endTime="2025-08-11T15:51:51.5632212-05:00" testType="13cdc9d9-ddb5-4fa4-a97d-d965ccfc6d4b" outcome="Passed" testListId="8c84fa94-04c1-424b-9868-57a2d4851a1d" relativeResultsDirectory="a56d9d36-32ea-4eb5-bf16-e175da309f06" />
    <UnitTestResult executionId="99e0ac27-3211-43ed-8270-45aa289714da" testId="d80729bc-29d4-7dd4-512b-86fcdb950113" testName="ToString_E_ImplícitoAString_DeberianRetornarCodigo" computerName="DESKTOP-GBNCN2L" duration="00:00:00.0001490" startTime="2025-08-11T15:51:51.6217648-05:00" endTime="2025-08-11T15:51:51.6219133-05:00" testType="13cdc9d9-ddb5-4fa4-a97d-d965ccfc6d4b" outcome="Passed" testListId="8c84fa94-04c1-424b-9868-57a2d4851a1d" relativeResultsDirectory="99e0ac27-3211-43ed-8270-45aa289714da" />
    <UnitTestResult executionId="8822feaa-127d-49c8-8d3b-bb94bbf91da4" testId="d5c96634-be7e-758f-8577-e8a0d185a1a3" testName="From_AceptaCodigosYAliases_NormalizaACodigo(&quot;01&quot;,&quot;01&quot;)" computerName="DESKTOP-GBNCN2L" duration="00:00:00.0022910" startTime="2025-08-11T15:51:51.5606519-05:00" endTime="2025-08-11T15:51:51.5629423-05:00" testType="13cdc9d9-ddb5-4fa4-a97d-d965ccfc6d4b" outcome="Passed" testListId="8c84fa94-04c1-424b-9868-57a2d4851a1d" relativeResultsDirectory="8822feaa-127d-49c8-8d3b-bb94bbf91da4" />
    <UnitTestResult executionId="650d8130-a83e-4794-a92b-00d6dc63be98" testId="e0c6e791-187a-3fde-a787-5668c9e9af34" testName="From_AceptaCodigosYAliases_NormalizaACodigo(&quot;B&quot;,&quot;03&quot;)" computerName="DESKTOP-GBNCN2L" duration="00:00:00.0000020" startTime="2025-08-11T15:51:51.5632409-05:00" endTime="2025-08-11T15:51:51.5632434-05:00" testType="13cdc9d9-ddb5-4fa4-a97d-d965ccfc6d4b" outcome="Passed" testListId="8c84fa94-04c1-424b-9868-57a2d4851a1d" relativeResultsDirectory="650d8130-a83e-4794-a92b-00d6dc63be98" />
    <UnitTestResult executionId="81926a68-578b-4b4d-8e76-1aba95e29c5b" testId="e4e11eed-dc63-3007-ce81-d1d9700082b2" testName="Json_SerializaComoCodigoSunat" computerName="DESKTOP-GBNCN2L" duration="00:00:00.0007950" startTime="2025-08-11T15:51:51.6194785-05:00" endTime="2025-08-11T15:51:51.6202743-05:00" testType="13cdc9d9-ddb5-4fa4-a97d-d965ccfc6d4b" outcome="Passed" testListId="8c84fa94-04c1-424b-9868-57a2d4851a1d" relativeResultsDirectory="81926a68-578b-4b4d-8e76-1aba95e29c5b" />
    <UnitTestResult executionId="6dcdb6ba-80aa-4e11-85c5-4f0f5dc66c82" testId="ba01880d-3a4b-2353-6468-9055cf665967" testName="From_AceptaCodigosYAliases_NormalizaACodigo(&quot;BOLETA DE VENTA&quot;,&quot;03&quot;)" computerName="DESKTOP-GBNCN2L" duration="00:00:00.0000040" startTime="2025-08-11T15:51:51.5632456-05:00" endTime="2025-08-11T15:51:51.5632492-05:00" testType="13cdc9d9-ddb5-4fa4-a97d-d965ccfc6d4b" outcome="Passed" testListId="8c84fa94-04c1-424b-9868-57a2d4851a1d" relativeResultsDirectory="6dcdb6ba-80aa-4e11-85c5-4f0f5dc66c82" />
    <UnitTestResult executionId="b1eb37fe-98fc-459b-a490-69e8ccfe9bdb" testId="8419796c-44e4-99f0-bdd5-439b40643ee5" testName="From_ValorNoReconocido_LanzaExcepcion(&quot;99&quot;)" computerName="DESKTOP-GBNCN2L" duration="00:00:00.0000420" startTime="2025-08-11T15:51:51.5719262-05:00" endTime="2025-08-11T15:51:51.5719680-05:00" testType="13cdc9d9-ddb5-4fa4-a97d-d965ccfc6d4b" outcome="Passed" testListId="8c84fa94-04c1-424b-9868-57a2d4851a1d" relativeResultsDirectory="b1eb37fe-98fc-459b-a490-69e8ccfe9bdb" />
    <UnitTestResult executionId="ab7928b6-89a5-40ed-9eae-e6b48f110580" testId="28f84d57-f07b-734e-48a1-1d23799f81e3" testName="From_ValorNoReconocido_LanzaExcepcion(&quot;X&quot;)" computerName="DESKTOP-GBNCN2L" duration="00:00:00.0000450" startTime="2025-08-11T15:51:51.5718772-05:00" endTime="2025-08-11T15:51:51.5719220-05:00" testType="13cdc9d9-ddb5-4fa4-a97d-d965ccfc6d4b" outcome="Passed" testListId="8c84fa94-04c1-424b-9868-57a2d4851a1d" relativeResultsDirectory="ab7928b6-89a5-40ed-9eae-e6b48f110580" />
    <UnitTestResult executionId="406735e4-eb88-4b9e-bc74-9f0b96edd7d1" testId="e8a181b3-6ce0-a240-2e20-053f9b44a2de" testName="From_AceptaCodigosYAliases_NormalizaACodigo(&quot;F&quot;,&quot;01&quot;)" computerName="DESKTOP-GBNCN2L" duration="00:00:00.0000020" startTime="2025-08-11T15:51:51.5632236-05:00" endTime="2025-08-11T15:51:51.5632261-05:00" testType="13cdc9d9-ddb5-4fa4-a97d-d965ccfc6d4b" outcome="Passed" testListId="8c84fa94-04c1-424b-9868-57a2d4851a1d" relativeResultsDirectory="406735e4-eb88-4b9e-bc74-9f0b96edd7d1" />
    <UnitTestResult executionId="9dbfccb4-394e-4837-9b65-f2975fdb15f5" testId="fbd523b3-f646-0f0d-0e49-dae035eddff7" testName="From_AceptaCodigosYAliases_NormalizaACodigo(&quot;factura&quot;,&quot;01&quot;)" computerName="DESKTOP-GBNCN2L" duration="00:00:00.0000120" startTime="2025-08-11T15:51:51.5632031-05:00" endTime="2025-08-11T15:51:51.5632150-05:00" testType="13cdc9d9-ddb5-4fa4-a97d-d965ccfc6d4b" outcome="Passed" testListId="8c84fa94-04c1-424b-9868-57a2d4851a1d" relativeResultsDirectory="9dbfccb4-394e-4837-9b65-f2975fdb15f5" />
    <UnitTestResult executionId="7e28bcb6-f22e-4393-92ef-df265ac4b2f3" testId="e4f1e2da-8990-3a29-f94a-e2a518e1b38a" testName="IgualdadPorValor_Y_Operadores_DebenFuncionar" computerName="DESKTOP-GBNCN2L" duration="00:00:00.0037710" startTime="2025-08-11T15:51:51.5823805-05:00" endTime="2025-08-11T15:51:51.5861507-05:00" testType="13cdc9d9-ddb5-4fa4-a97d-d965ccfc6d4b" outcome="Passed" testListId="8c84fa94-04c1-424b-9868-57a2d4851a1d" relativeResultsDirectory="7e28bcb6-f22e-4393-92ef-df265ac4b2f3" />
    <UnitTestResult executionId="9abc6e35-087c-45dc-874c-fbeb35f9859f" testId="d6a91270-876c-461b-cb26-3e5572240dce" testName="Json_PropiedadNullable_AceptaNull" computerName="DESKTOP-GBNCN2L" duration="00:00:00.0024740" startTime="2025-08-11T15:51:51.6168437-05:00" endTime="2025-08-11T15:51:51.6193156-05:00" testType="13cdc9d9-ddb5-4fa4-a97d-d965ccfc6d4b" outcome="Passed" testListId="8c84fa94-04c1-424b-9868-57a2d4851a1d" relativeResultsDirectory="9abc6e35-087c-45dc-874c-fbeb35f9859f" />
    <UnitTestResult executionId="12e9e673-f868-452d-8c44-d5ba661c1a82" testId="ac7de36c-c58a-83df-b7c9-79e99a8f8f24" testName="From_ValorNoReconocido_LanzaExcepcion(&quot;   &quot;)" computerName="DESKTOP-GBNCN2L" duration="00:00:00.0000900" startTime="2025-08-11T15:51:51.5717820-05:00" endTime="2025-08-11T15:51:51.5718716-05:00" testType="13cdc9d9-ddb5-4fa4-a97d-d965ccfc6d4b" outcome="Passed" testListId="8c84fa94-04c1-424b-9868-57a2d4851a1d" relativeResultsDirectory="12e9e673-f868-452d-8c44-d5ba661c1a82" />
    <UnitTestResult executionId="5d1a3d1d-6dbb-4da0-98e3-60e6bff18883" testId="1c136bf6-f1c5-b654-209b-9e3e03831320" testName="Json_ValorInvalido_LanzaJsonException" computerName="DESKTOP-GBNCN2L" duration="00:00:00.0010780" startTime="2025-08-11T15:51:51.6202914-05:00" endTime="2025-08-11T15:51:51.6213687-05:00" testType="13cdc9d9-ddb5-4fa4-a97d-d965ccfc6d4b" outcome="Passed" testListId="8c84fa94-04c1-424b-9868-57a2d4851a1d" relativeResultsDirectory="5d1a3d1d-6dbb-4da0-98e3-60e6bff18883" />
    <UnitTestResult executionId="21a41bf4-e041-4dcc-b4c8-f483fef2cb89" testId="5c38e100-f43e-685d-19b0-e7dd5ea57540" testName="From_ValorNoReconocido_LanzaExcepcion(&quot;&quot;)" computerName="DESKTOP-GBNCN2L" duration="00:00:00.0004460" startTime="2025-08-11T15:51:51.5713178-05:00" endTime="2025-08-11T15:51:51.5717634-05:00" testType="13cdc9d9-ddb5-4fa4-a97d-d965ccfc6d4b" outcome="Passed" testListId="8c84fa94-04c1-424b-9868-57a2d4851a1d" relativeResultsDirectory="21a41bf4-e041-4dcc-b4c8-f483fef2cb89" />
    <UnitTestResult executionId="bf423479-f8e7-4175-8761-79d8bab2035a" testId="1fc79b89-b336-8add-6896-ea7adfb1da82" testName="From_AceptaCodigosYAliases_NormalizaACodigo(&quot;03&quot;,&quot;03&quot;)" computerName="DESKTOP-GBNCN2L" duration="00:00:00.0002270" startTime="2025-08-11T15:51:51.5629650-05:00" endTime="2025-08-11T15:51:51.5631913-05:00" testType="13cdc9d9-ddb5-4fa4-a97d-d965ccfc6d4b" outcome="Passed" testListId="8c84fa94-04c1-424b-9868-57a2d4851a1d" relativeResultsDirectory="bf423479-f8e7-4175-8761-79d8bab2035a" />
    <UnitTestResult executionId="7e2704a8-1908-4b1c-b063-d11d993e5939" testId="e60121a8-d8c2-dba9-87e7-fd0737326c51" testName="InstanciasConocidas_MVP_DebenEstarDefinidasCorrectamente" computerName="DESKTOP-GBNCN2L" duration="00:00:00.0036220" startTime="2025-08-11T15:51:51.5861728-05:00" endTime="2025-08-11T15:51:51.5897944-05:00" testType="13cdc9d9-ddb5-4fa4-a97d-d965ccfc6d4b" outcome="Passed" testListId="8c84fa94-04c1-424b-9868-57a2d4851a1d" relativeResultsDirectory="7e2704a8-1908-4b1c-b063-d11d993e5939" />
    <UnitTestResult executionId="1470e783-75cd-4d8f-9c48-78043cc960a5" testId="1fcf2fb3-3bd8-8f94-4c74-3bb4a730fc51" testName="From_ValorNoReconocido_LanzaExcepcion(null)" computerName="DESKTOP-GBNCN2L" duration="00:00:00.0070940" startTime="2025-08-11T15:51:51.5642027-05:00" endTime="2025-08-11T15:51:51.5712957-05:00" testType="13cdc9d9-ddb5-4fa4-a97d-d965ccfc6d4b" outcome="Passed" testListId="8c84fa94-04c1-424b-9868-57a2d4851a1d" relativeResultsDirectory="1470e783-75cd-4d8f-9c48-78043cc960a5" />
    <UnitTestResult executionId="40ece0b5-3e21-485c-93e4-f50827b5327e" testId="0fe99683-9ee0-b1df-78eb-59c1135bcf5b" testName="FromCode_Invalido_LanzaExcepcion" computerName="DESKTOP-GBNCN2L" duration="00:00:00.0098289" startTime="2025-08-11T15:51:51.5720116-05:00" endTime="2025-08-11T15:51:51.5818395-05:00" testType="13cdc9d9-ddb5-4fa4-a97d-d965ccfc6d4b" outcome="Passed" testListId="8c84fa94-04c1-424b-9868-57a2d4851a1d" relativeResultsDirectory="40ece0b5-3e21-485c-93e4-f50827b5327e" />
    <UnitTestResult executionId="7ce7d408-325b-4722-a9d0-1fe4d46bbe89" testId="89143df9-5304-bafa-7ebe-56e4a68fc254" testName="FromCode_Valido_RetornaInstanciaConocida" computerName="DESKTOP-GBNCN2L" duration="00:00:00.0005000" startTime="2025-08-11T15:51:51.5818642-05:00" endTime="2025-08-11T15:51:51.5823637-05:00" testType="13cdc9d9-ddb5-4fa4-a97d-d965ccfc6d4b" outcome="Passed" testListId="8c84fa94-04c1-424b-9868-57a2d4851a1d" relativeResultsDirectory="7ce7d408-325b-4722-a9d0-1fe4d46bbe89" />
    <UnitTestResult executionId="c2cab11d-946e-440d-b876-562f6a01d99e" testId="c374bd00-da6b-fad2-6051-e11f1f356531" testName="ExplicitoDesdeString_DeberiaCrearDesdeAliasOCodigo" computerName="DESKTOP-GBNCN2L" duration="00:00:00.0066710" startTime="2025-08-11T15:51:51.5529851-05:00" endTime="2025-08-11T15:51:51.5596091-05:00" testType="13cdc9d9-ddb5-4fa4-a97d-d965ccfc6d4b" outcome="Passed" testListId="8c84fa94-04c1-424b-9868-57a2d4851a1d" relativeResultsDirectory="c2cab11d-946e-440d-b876-562f6a01d99e" />
  </Results>
  <TestDefinitions>
    <UnitTest name="From_AceptaCodigosYAliases_NormalizaACodigo(&quot;factura&quot;,&quot;01&quot;)" storage="c:\users\asus\onedrive - contasis\proyectofacturafacil\tests\configuracionsistemabc.tests\bin\debug\net9.0\configuracionsistemabc.tests.dll" id="fbd523b3-f646-0f0d-0e49-dae035eddff7">
      <Execution id="9dbfccb4-394e-4837-9b65-f2975fdb15f5" />
      <TestMethod codeBase="C:\Users\Asus\OneDrive - CONTASIS\ProyectoFacturaFacil\tests\ConfiguracionSistemaBC.Tests\bin\Debug\net9.0\ConfiguracionSistemaBC.Tests.dll" adapterTypeName="executor://nunit3testexecutor/" className="ConfiguracionSistemaBC.Tests.UnitTests.ValueObjects.TipoDeComprobanteTests" name="From_AceptaCodigosYAliases_NormalizaACodigo(&quot;factura&quot;,&quot;01&quot;)" />
    </UnitTest>
    <UnitTest name="Json_PropiedadNullable_AceptaNull" storage="c:\users\asus\onedrive - contasis\proyectofacturafacil\tests\configuracionsistemabc.tests\bin\debug\net9.0\configuracionsistemabc.tests.dll" id="d6a91270-876c-461b-cb26-3e5572240dce">
      <Execution id="9abc6e35-087c-45dc-874c-fbeb35f9859f" />
      <TestMethod codeBase="C:\Users\Asus\OneDrive - CONTASIS\ProyectoFacturaFacil\tests\ConfiguracionSistemaBC.Tests\bin\Debug\net9.0\ConfiguracionSistemaBC.Tests.dll" adapterTypeName="executor://nunit3testexecutor/" className="ConfiguracionSistemaBC.Tests.UnitTests.ValueObjects.TipoDeComprobanteTests" name="Json_PropiedadNullable_AceptaNull" />
    </UnitTest>
    <UnitTest name="ExplicitoDesdeString_DeberiaCrearDesdeAliasOCodigo" storage="c:\users\asus\onedrive - contasis\proyectofacturafacil\tests\configuracionsistemabc.tests\bin\debug\net9.0\configuracionsistemabc.tests.dll" id="c374bd00-da6b-fad2-6051-e11f1f356531">
      <Execution id="c2cab11d-946e-440d-b876-562f6a01d99e" />
      <TestMethod codeBase="C:\Users\Asus\OneDrive - CONTASIS\ProyectoFacturaFacil\tests\ConfiguracionSistemaBC.Tests\bin\Debug\net9.0\ConfiguracionSistemaBC.Tests.dll" adapterTypeName="executor://nunit3testexecutor/" className="ConfiguracionSistemaBC.Tests.UnitTests.ValueObjects.TipoDeComprobanteTests" name="ExplicitoDesdeString_DeberiaCrearDesdeAliasOCodigo" />
    </UnitTest>
    <UnitTest name="From_ValorNoReconocido_LanzaExcepcion(&quot;X&quot;)" storage="c:\users\asus\onedrive - contasis\proyectofacturafacil\tests\configuracionsistemabc.tests\bin\debug\net9.0\configuracionsistemabc.tests.dll" id="28f84d57-f07b-734e-48a1-1d23799f81e3">
      <Execution id="ab7928b6-89a5-40ed-9eae-e6b48f110580" />
      <TestMethod codeBase="C:\Users\Asus\OneDrive - CONTASIS\ProyectoFacturaFacil\tests\ConfiguracionSistemaBC.Tests\bin\Debug\net9.0\ConfiguracionSistemaBC.Tests.dll" adapterTypeName="executor://nunit3testexecutor/" className="ConfiguracionSistemaBC.Tests.UnitTests.ValueObjects.TipoDeComprobanteTests" name="From_ValorNoReconocido_LanzaExcepcion(&quot;X&quot;)" />
    </UnitTest>
    <UnitTest name="From_AceptaCodigosYAliases_NormalizaACodigo(&quot;03&quot;,&quot;03&quot;)" storage="c:\users\asus\onedrive - contasis\proyectofacturafacil\tests\configuracionsistemabc.tests\bin\debug\net9.0\configuracionsistemabc.tests.dll" id="1fc79b89-b336-8add-6896-ea7adfb1da82">
      <Execution id="bf423479-f8e7-4175-8761-79d8bab2035a" />
      <TestMethod codeBase="C:\Users\Asus\OneDrive - CONTASIS\ProyectoFacturaFacil\tests\ConfiguracionSistemaBC.Tests\bin\Debug\net9.0\ConfiguracionSistemaBC.Tests.dll" adapterTypeName="executor://nunit3testexecutor/" className="ConfiguracionSistemaBC.Tests.UnitTests.ValueObjects.TipoDeComprobanteTests" name="From_AceptaCodigosYAliases_NormalizaACodigo(&quot;03&quot;,&quot;03&quot;)" />
    </UnitTest>
    <UnitTest name="IgualdadPorValor_Y_Operadores_DebenFuncionar" storage="c:\users\asus\onedrive - contasis\proyectofacturafacil\tests\configuracionsistemabc.tests\bin\debug\net9.0\configuracionsistemabc.tests.dll" id="e4f1e2da-8990-3a29-f94a-e2a518e1b38a">
      <Execution id="7e28bcb6-f22e-4393-92ef-df265ac4b2f3" />
      <TestMethod codeBase="C:\Users\Asus\OneDrive - CONTASIS\ProyectoFacturaFacil\tests\ConfiguracionSistemaBC.Tests\bin\Debug\net9.0\ConfiguracionSistemaBC.Tests.dll" adapterTypeName="executor://nunit3testexecutor/" className="ConfiguracionSistemaBC.Tests.UnitTests.ValueObjects.TipoDeComprobanteTests" name="IgualdadPorValor_Y_Operadores_DebenFuncionar" />
    </UnitTest>
    <UnitTest name="InstanciasConocidas_MVP_DebenEstarDefinidasCorrectamente" storage="c:\users\asus\onedrive - contasis\proyectofacturafacil\tests\configuracionsistemabc.tests\bin\debug\net9.0\configuracionsistemabc.tests.dll" id="e60121a8-d8c2-dba9-87e7-fd0737326c51">
      <Execution id="7e2704a8-1908-4b1c-b063-d11d993e5939" />
      <TestMethod codeBase="C:\Users\Asus\OneDrive - CONTASIS\ProyectoFacturaFacil\tests\ConfiguracionSistemaBC.Tests\bin\Debug\net9.0\ConfiguracionSistemaBC.Tests.dll" adapterTypeName="executor://nunit3testexecutor/" className="ConfiguracionSistemaBC.Tests.UnitTests.ValueObjects.TipoDeComprobanteTests" name="InstanciasConocidas_MVP_DebenEstarDefinidasCorrectamente" />
    </UnitTest>
    <UnitTest name="From_AceptaCodigosYAliases_NormalizaACodigo(&quot;B&quot;,&quot;03&quot;)" storage="c:\users\asus\onedrive - contasis\proyectofacturafacil\tests\configuracionsistemabc.tests\bin\debug\net9.0\configuracionsistemabc.tests.dll" id="e0c6e791-187a-3fde-a787-5668c9e9af34">
      <Execution id="650d8130-a83e-4794-a92b-00d6dc63be98" />
      <TestMethod codeBase="C:\Users\Asus\OneDrive - CONTASIS\ProyectoFacturaFacil\tests\ConfiguracionSistemaBC.Tests\bin\Debug\net9.0\ConfiguracionSistemaBC.Tests.dll" adapterTypeName="executor://nunit3testexecutor/" className="ConfiguracionSistemaBC.Tests.UnitTests.ValueObjects.TipoDeComprobanteTests" name="From_AceptaCodigosYAliases_NormalizaACodigo(&quot;B&quot;,&quot;03&quot;)" />
    </UnitTest>
    <UnitTest name="FromCode_Valido_RetornaInstanciaConocida" storage="c:\users\asus\onedrive - contasis\proyectofacturafacil\tests\configuracionsistemabc.tests\bin\debug\net9.0\configuracionsistemabc.tests.dll" id="89143df9-5304-bafa-7ebe-56e4a68fc254">
      <Execution id="7ce7d408-325b-4722-a9d0-1fe4d46bbe89" />
      <TestMethod codeBase="C:\Users\Asus\OneDrive - CONTASIS\ProyectoFacturaFacil\tests\ConfiguracionSistemaBC.Tests\bin\Debug\net9.0\ConfiguracionSistemaBC.Tests.dll" adapterTypeName="executor://nunit3testexecutor/" className="ConfiguracionSistemaBC.Tests.UnitTests.ValueObjects.TipoDeComprobanteTests" name="FromCode_Valido_RetornaInstanciaConocida" />
    </UnitTest>
    <UnitTest name="FromCode_Invalido_LanzaExcepcion" storage="c:\users\asus\onedrive - contasis\proyectofacturafacil\tests\configuracionsistemabc.tests\bin\debug\net9.0\configuracionsistemabc.tests.dll" id="0fe99683-9ee0-b1df-78eb-59c1135bcf5b">
      <Execution id="40ece0b5-3e21-485c-93e4-f50827b5327e" />
      <TestMethod codeBase="C:\Users\Asus\OneDrive - CONTASIS\ProyectoFacturaFacil\tests\ConfiguracionSistemaBC.Tests\bin\Debug\net9.0\ConfiguracionSistemaBC.Tests.dll" adapterTypeName="executor://nunit3testexecutor/" className="ConfiguracionSistemaBC.Tests.UnitTests.ValueObjects.TipoDeComprobanteTests" name="FromCode_Invalido_LanzaExcepcion" />
    </UnitTest>
    <UnitTest name="From_AceptaCodigosYAliases_NormalizaACodigo(&quot;F&quot;,&quot;01&quot;)" storage="c:\users\asus\onedrive - contasis\proyectofacturafacil\tests\configuracionsistemabc.tests\bin\debug\net9.0\configuracionsistemabc.tests.dll" id="e8a181b3-6ce0-a240-2e20-053f9b44a2de">
      <Execution id="406735e4-eb88-4b9e-bc74-9f0b96edd7d1" />
      <TestMethod codeBase="C:\Users\Asus\OneDrive - CONTASIS\ProyectoFacturaFacil\tests\ConfiguracionSistemaBC.Tests\bin\Debug\net9.0\ConfiguracionSistemaBC.Tests.dll" adapterTypeName="executor://nunit3testexecutor/" className="ConfiguracionSistemaBC.Tests.UnitTests.ValueObjects.TipoDeComprobanteTests" name="From_AceptaCodigosYAliases_NormalizaACodigo(&quot;F&quot;,&quot;01&quot;)" />
    </UnitTest>
    <UnitTest name="Json_DeserializaDesdeCodigoYAlias" storage="c:\users\asus\onedrive - contasis\proyectofacturafacil\tests\configuracionsistemabc.tests\bin\debug\net9.0\configuracionsistemabc.tests.dll" id="2c91fa7e-0a80-8ff9-e543-a0a999b8d76a">
      <Execution id="72deb3e9-7b76-4111-853d-d7af14ab15ed" />
      <TestMethod codeBase="C:\Users\Asus\OneDrive - CONTASIS\ProyectoFacturaFacil\tests\ConfiguracionSistemaBC.Tests\bin\Debug\net9.0\ConfiguracionSistemaBC.Tests.dll" adapterTypeName="executor://nunit3testexecutor/" className="ConfiguracionSistemaBC.Tests.UnitTests.ValueObjects.TipoDeComprobanteTests" name="Json_DeserializaDesdeCodigoYAlias" />
    </UnitTest>
    <UnitTest name="ToString_E_ImplícitoAString_DeberianRetornarCodigo" storage="c:\users\asus\onedrive - contasis\proyectofacturafacil\tests\configuracionsistemabc.tests\bin\debug\net9.0\configuracionsistemabc.tests.dll" id="d80729bc-29d4-7dd4-512b-86fcdb950113">
      <Execution id="99e0ac27-3211-43ed-8270-45aa289714da" />
      <TestMethod codeBase="C:\Users\Asus\OneDrive - CONTASIS\ProyectoFacturaFacil\tests\ConfiguracionSistemaBC.Tests\bin\Debug\net9.0\ConfiguracionSistemaBC.Tests.dll" adapterTypeName="executor://nunit3testexecutor/" className="ConfiguracionSistemaBC.Tests.UnitTests.ValueObjects.TipoDeComprobanteTests" name="ToString_E_ImplícitoAString_DeberianRetornarCodigo" />
    </UnitTest>
    <UnitTest name="SerieSigueConvencion_DebeValidarPrefijosUsuales" storage="c:\users\asus\onedrive - contasis\proyectofacturafacil\tests\configuracionsistemabc.tests\bin\debug\net9.0\configuracionsistemabc.tests.dll" id="fdd9bf97-df52-caf3-e4a7-2f36afc3b412">
      <Execution id="6aae9ec5-aa29-4093-8d4f-fb389a1a3986" />
      <TestMethod codeBase="C:\Users\Asus\OneDrive - CONTASIS\ProyectoFacturaFacil\tests\ConfiguracionSistemaBC.Tests\bin\Debug\net9.0\ConfiguracionSistemaBC.Tests.dll" adapterTypeName="executor://nunit3testexecutor/" className="ConfiguracionSistemaBC.Tests.UnitTests.ValueObjects.TipoDeComprobanteTests" name="SerieSigueConvencion_DebeValidarPrefijosUsuales" />
    </UnitTest>
    <UnitTest name="From_AceptaCodigosYAliases_NormalizaACodigo(&quot;boleta&quot;,&quot;03&quot;)" storage="c:\users\asus\onedrive - contasis\proyectofacturafacil\tests\configuracionsistemabc.tests\bin\debug\net9.0\configuracionsistemabc.tests.dll" id="ab0a2da5-3397-6c12-7e4b-3ac39b04a344">
      <Execution id="c0d76c0a-2a76-4546-b3e0-96d7587cedbf" />
      <TestMethod codeBase="C:\Users\Asus\OneDrive - CONTASIS\ProyectoFacturaFacil\tests\ConfiguracionSistemaBC.Tests\bin\Debug\net9.0\ConfiguracionSistemaBC.Tests.dll" adapterTypeName="executor://nunit3testexecutor/" className="ConfiguracionSistemaBC.Tests.UnitTests.ValueObjects.TipoDeComprobanteTests" name="From_AceptaCodigosYAliases_NormalizaACodigo(&quot;boleta&quot;,&quot;03&quot;)" />
    </UnitTest>
    <UnitTest name="From_ValorNoReconocido_LanzaExcepcion(&quot;99&quot;)" storage="c:\users\asus\onedrive - contasis\proyectofacturafacil\tests\configuracionsistemabc.tests\bin\debug\net9.0\configuracionsistemabc.tests.dll" id="8419796c-44e4-99f0-bdd5-439b40643ee5">
      <Execution id="b1eb37fe-98fc-459b-a490-69e8ccfe9bdb" />
      <TestMethod codeBase="C:\Users\Asus\OneDrive - CONTASIS\ProyectoFacturaFacil\tests\ConfiguracionSistemaBC.Tests\bin\Debug\net9.0\ConfiguracionSistemaBC.Tests.dll" adapterTypeName="executor://nunit3testexecutor/" className="ConfiguracionSistemaBC.Tests.UnitTests.ValueObjects.TipoDeComprobanteTests" name="From_ValorNoReconocido_LanzaExcepcion(&quot;99&quot;)" />
    </UnitTest>
    <UnitTest name="TryParse_DebeSerRobusto" storage="c:\users\asus\onedrive - contasis\proyectofacturafacil\tests\configuracionsistemabc.tests\bin\debug\net9.0\configuracionsistemabc.tests.dll" id="e96ff831-1f3d-a510-bae6-5e09bacfa144">
      <Execution id="ff38cb51-2dad-43e0-8da4-c38d27d6b680" />
      <TestMethod codeBase="C:\Users\Asus\OneDrive - CONTASIS\ProyectoFacturaFacil\tests\ConfiguracionSistemaBC.Tests\bin\Debug\net9.0\ConfiguracionSistemaBC.Tests.dll" adapterTypeName="executor://nunit3testexecutor/" className="ConfiguracionSistemaBC.Tests.UnitTests.ValueObjects.TipoDeComprobanteTests" name="TryParse_DebeSerRobusto" />
    </UnitTest>
    <UnitTest name="From_ValorNoReconocido_LanzaExcepcion(&quot;&quot;)" storage="c:\users\asus\onedrive - contasis\proyectofacturafacil\tests\configuracionsistemabc.tests\bin\debug\net9.0\configuracionsistemabc.tests.dll" id="5c38e100-f43e-685d-19b0-e7dd5ea57540">
      <Execution id="21a41bf4-e041-4dcc-b4c8-f483fef2cb89" />
      <TestMethod codeBase="C:\Users\Asus\OneDrive - CONTASIS\ProyectoFacturaFacil\tests\ConfiguracionSistemaBC.Tests\bin\Debug\net9.0\ConfiguracionSistemaBC.Tests.dll" adapterTypeName="executor://nunit3testexecutor/" className="ConfiguracionSistemaBC.Tests.UnitTests.ValueObjects.TipoDeComprobanteTests" name="From_ValorNoReconocido_LanzaExcepcion(&quot;&quot;)" />
    </UnitTest>
    <UnitTest name="From_ValorNoReconocido_LanzaExcepcion(&quot;   &quot;)" storage="c:\users\asus\onedrive - contasis\proyectofacturafacil\tests\configuracionsistemabc.tests\bin\debug\net9.0\configuracionsistemabc.tests.dll" id="ac7de36c-c58a-83df-b7c9-79e99a8f8f24">
      <Execution id="12e9e673-f868-452d-8c44-d5ba661c1a82" />
      <TestMethod codeBase="C:\Users\Asus\OneDrive - CONTASIS\ProyectoFacturaFacil\tests\ConfiguracionSistemaBC.Tests\bin\Debug\net9.0\ConfiguracionSistemaBC.Tests.dll" adapterTypeName="executor://nunit3testexecutor/" className="ConfiguracionSistemaBC.Tests.UnitTests.ValueObjects.TipoDeComprobanteTests" name="From_ValorNoReconocido_LanzaExcepcion(&quot;   &quot;)" />
    </UnitTest>
    <UnitTest name="Json_ValorInvalido_LanzaJsonException" storage="c:\users\asus\onedrive - contasis\proyectofacturafacil\tests\configuracionsistemabc.tests\bin\debug\net9.0\configuracionsistemabc.tests.dll" id="1c136bf6-f1c5-b654-209b-9e3e03831320">
      <Execution id="5d1a3d1d-6dbb-4da0-98e3-60e6bff18883" />
      <TestMethod codeBase="C:\Users\Asus\OneDrive - CONTASIS\ProyectoFacturaFacil\tests\ConfiguracionSistemaBC.Tests\bin\Debug\net9.0\ConfiguracionSistemaBC.Tests.dll" adapterTypeName="executor://nunit3testexecutor/" className="ConfiguracionSistemaBC.Tests.UnitTests.ValueObjects.TipoDeComprobanteTests" name="Json_ValorInvalido_LanzaJsonException" />
    </UnitTest>
    <UnitTest name="From_AceptaCodigosYAliases_NormalizaACodigo(&quot;BOLETA DE VENTA&quot;,&quot;03&quot;)" storage="c:\users\asus\onedrive - contasis\proyectofacturafacil\tests\configuracionsistemabc.tests\bin\debug\net9.0\configuracionsistemabc.tests.dll" id="ba01880d-3a4b-2353-6468-9055cf665967">
      <Execution id="6dcdb6ba-80aa-4e11-85c5-4f0f5dc66c82" />
      <TestMethod codeBase="C:\Users\Asus\OneDrive - CONTASIS\ProyectoFacturaFacil\tests\ConfiguracionSistemaBC.Tests\bin\Debug\net9.0\ConfiguracionSistemaBC.Tests.dll" adapterTypeName="executor://nunit3testexecutor/" className="ConfiguracionSistemaBC.Tests.UnitTests.ValueObjects.TipoDeComprobanteTests" name="From_AceptaCodigosYAliases_NormalizaACodigo(&quot;BOLETA DE VENTA&quot;,&quot;03&quot;)" />
    </UnitTest>
    <UnitTest name="From_AceptaCodigosYAliases_NormalizaACodigo(&quot;01&quot;,&quot;01&quot;)" storage="c:\users\asus\onedrive - contasis\proyectofacturafacil\tests\configuracionsistemabc.tests\bin\debug\net9.0\configuracionsistemabc.tests.dll" id="d5c96634-be7e-758f-8577-e8a0d185a1a3">
      <Execution id="8822feaa-127d-49c8-8d3b-bb94bbf91da4" />
      <TestMethod codeBase="C:\Users\Asus\OneDrive - CONTASIS\ProyectoFacturaFacil\tests\ConfiguracionSistemaBC.Tests\bin\Debug\net9.0\ConfiguracionSistemaBC.Tests.dll" adapterTypeName="executor://nunit3testexecutor/" className="ConfiguracionSistemaBC.Tests.UnitTests.ValueObjects.TipoDeComprobanteTests" name="From_AceptaCodigosYAliases_NormalizaACodigo(&quot;01&quot;,&quot;01&quot;)" />
    </UnitTest>
    <UnitTest name="From_ValorNoReconocido_LanzaExcepcion(null)" storage="c:\users\asus\onedrive - contasis\proyectofacturafacil\tests\configuracionsistemabc.tests\bin\debug\net9.0\configuracionsistemabc.tests.dll" id="1fcf2fb3-3bd8-8f94-4c74-3bb4a730fc51">
      <Execution id="1470e783-75cd-4d8f-9c48-78043cc960a5" />
      <TestMethod codeBase="C:\Users\Asus\OneDrive - CONTASIS\ProyectoFacturaFacil\tests\ConfiguracionSistemaBC.Tests\bin\Debug\net9.0\ConfiguracionSistemaBC.Tests.dll" adapterTypeName="executor://nunit3testexecutor/" className="ConfiguracionSistemaBC.Tests.UnitTests.ValueObjects.TipoDeComprobanteTests" name="From_ValorNoReconocido_LanzaExcepcion(null)" />
    </UnitTest>
    <UnitTest name="Json_SerializaComoCodigoSunat" storage="c:\users\asus\onedrive - contasis\proyectofacturafacil\tests\configuracionsistemabc.tests\bin\debug\net9.0\configuracionsistemabc.tests.dll" id="e4e11eed-dc63-3007-ce81-d1d9700082b2">
      <Execution id="81926a68-578b-4b4d-8e76-1aba95e29c5b" />
      <TestMethod codeBase="C:\Users\Asus\OneDrive - CONTASIS\ProyectoFacturaFacil\tests\ConfiguracionSistemaBC.Tests\bin\Debug\net9.0\ConfiguracionSistemaBC.Tests.dll" adapterTypeName="executor://nunit3testexecutor/" className="ConfiguracionSistemaBC.Tests.UnitTests.ValueObjects.TipoDeComprobanteTests" name="Json_SerializaComoCodigoSunat" />
    </UnitTest>
    <UnitTest name="From_AceptaCodigosYAliases_NormalizaACodigo(&quot;Factura&quot;,&quot;01&quot;)" storage="c:\users\asus\onedrive - contasis\proyectofacturafacil\tests\configuracionsistemabc.tests\bin\debug\net9.0\configuracionsistemabc.tests.dll" id="46f5da54-8ef8-e9b6-5683-0b2a3cfce70c">
      <Execution id="a56d9d36-32ea-4eb5-bf16-e175da309f06" />
      <TestMethod codeBase="C:\Users\Asus\OneDrive - CONTASIS\ProyectoFacturaFacil\tests\ConfiguracionSistemaBC.Tests\bin\Debug\net9.0\ConfiguracionSistemaBC.Tests.dll" adapterTypeName="executor://nunit3testexecutor/" className="ConfiguracionSistemaBC.Tests.UnitTests.ValueObjects.TipoDeComprobanteTests" name="From_AceptaCodigosYAliases_NormalizaACodigo(&quot;Factura&quot;,&quot;01&quot;)" />
    </UnitTest>
  </TestDefinitions>
  <TestEntries>
    <TestEntry testId="e96ff831-1f3d-a510-bae6-5e09bacfa144" executionId="ff38cb51-2dad-43e0-8da4-c38d27d6b680" testListId="8c84fa94-04c1-424b-9868-57a2d4851a1d" />
    <TestEntry testId="fdd9bf97-df52-caf3-e4a7-2f36afc3b412" executionId="6aae9ec5-aa29-4093-8d4f-fb389a1a3986" testListId="8c84fa94-04c1-424b-9868-57a2d4851a1d" />
    <TestEntry testId="2c91fa7e-0a80-8ff9-e543-a0a999b8d76a" executionId="72deb3e9-7b76-4111-853d-d7af14ab15ed" testListId="8c84fa94-04c1-424b-9868-57a2d4851a1d" />
    <TestEntry testId="ab0a2da5-3397-6c12-7e4b-3ac39b04a344" executionId="c0d76c0a-2a76-4546-b3e0-96d7587cedbf" testListId="8c84fa94-04c1-424b-9868-57a2d4851a1d" />
    <TestEntry testId="46f5da54-8ef8-e9b6-5683-0b2a3cfce70c" executionId="a56d9d36-32ea-4eb5-bf16-e175da309f06" testListId="8c84fa94-04c1-424b-9868-57a2d4851a1d" />
    <TestEntry testId="d80729bc-29d4-7dd4-512b-86fcdb950113" executionId="99e0ac27-3211-43ed-8270-45aa289714da" testListId="8c84fa94-04c1-424b-9868-57a2d4851a1d" />
    <TestEntry testId="d5c96634-be7e-758f-8577-e8a0d185a1a3" executionId="8822feaa-127d-49c8-8d3b-bb94bbf91da4" testListId="8c84fa94-04c1-424b-9868-57a2d4851a1d" />
    <TestEntry testId="e0c6e791-187a-3fde-a787-5668c9e9af34" executionId="650d8130-a83e-4794-a92b-00d6dc63be98" testListId="8c84fa94-04c1-424b-9868-57a2d4851a1d" />
    <TestEntry testId="e4e11eed-dc63-3007-ce81-d1d9700082b2" executionId="81926a68-578b-4b4d-8e76-1aba95e29c5b" testListId="8c84fa94-04c1-424b-9868-57a2d4851a1d" />
    <TestEntry testId="ba01880d-3a4b-2353-6468-9055cf665967" executionId="6dcdb6ba-80aa-4e11-85c5-4f0f5dc66c82" testListId="8c84fa94-04c1-424b-9868-57a2d4851a1d" />
    <TestEntry testId="8419796c-44e4-99f0-bdd5-439b40643ee5" executionId="b1eb37fe-98fc-459b-a490-69e8ccfe9bdb" testListId="8c84fa94-04c1-424b-9868-57a2d4851a1d" />
    <TestEntry testId="28f84d57-f07b-734e-48a1-1d23799f81e3" executionId="ab7928b6-89a5-40ed-9eae-e6b48f110580" testListId="8c84fa94-04c1-424b-9868-57a2d4851a1d" />
    <TestEntry testId="e8a181b3-6ce0-a240-2e20-053f9b44a2de" executionId="406735e4-eb88-4b9e-bc74-9f0b96edd7d1" testListId="8c84fa94-04c1-424b-9868-57a2d4851a1d" />
    <TestEntry testId="fbd523b3-f646-0f0d-0e49-dae035eddff7" executionId="9dbfccb4-394e-4837-9b65-f2975fdb15f5" testListId="8c84fa94-04c1-424b-9868-57a2d4851a1d" />
    <TestEntry testId="e4f1e2da-8990-3a29-f94a-e2a518e1b38a" executionId="7e28bcb6-f22e-4393-92ef-df265ac4b2f3" testListId="8c84fa94-04c1-424b-9868-57a2d4851a1d" />
    <TestEntry testId="d6a91270-876c-461b-cb26-3e5572240dce" executionId="9abc6e35-087c-45dc-874c-fbeb35f9859f" testListId="8c84fa94-04c1-424b-9868-57a2d4851a1d" />
    <TestEntry testId="ac7de36c-c58a-83df-b7c9-79e99a8f8f24" executionId="12e9e673-f868-452d-8c44-d5ba661c1a82" testListId="8c84fa94-04c1-424b-9868-57a2d4851a1d" />
    <TestEntry testId="1c136bf6-f1c5-b654-209b-9e3e03831320" executionId="5d1a3d1d-6dbb-4da0-98e3-60e6bff18883" testListId="8c84fa94-04c1-424b-9868-57a2d4851a1d" />
    <TestEntry testId="5c38e100-f43e-685d-19b0-e7dd5ea57540" executionId="21a41bf4-e041-4dcc-b4c8-f483fef2cb89" testListId="8c84fa94-04c1-424b-9868-57a2d4851a1d" />
    <TestEntry testId="1fc79b89-b336-8add-6896-ea7adfb1da82" executionId="bf423479-f8e7-4175-8761-79d8bab2035a" testListId="8c84fa94-04c1-424b-9868-57a2d4851a1d" />
    <TestEntry testId="e60121a8-d8c2-dba9-87e7-fd0737326c51" executionId="7e2704a8-1908-4b1c-b063-d11d993e5939" testListId="8c84fa94-04c1-424b-9868-57a2d4851a1d" />
    <TestEntry testId="1fcf2fb3-3bd8-8f94-4c74-3bb4a730fc51" executionId="1470e783-75cd-4d8f-9c48-78043cc960a5" testListId="8c84fa94-04c1-424b-9868-57a2d4851a1d" />
    <TestEntry testId="0fe99683-9ee0-b1df-78eb-59c1135bcf5b" executionId="40ece0b5-3e21-485c-93e4-f50827b5327e" testListId="8c84fa94-04c1-424b-9868-57a2d4851a1d" />
    <TestEntry testId="89143df9-5304-bafa-7ebe-56e4a68fc254" executionId="7ce7d408-325b-4722-a9d0-1fe4d46bbe89" testListId="8c84fa94-04c1-424b-9868-57a2d4851a1d" />
    <TestEntry testId="c374bd00-da6b-fad2-6051-e11f1f356531" executionId="c2cab11d-946e-440d-b876-562f6a01d99e" testListId="8c84fa94-04c1-424b-9868-57a2d4851a1d" />
  </TestEntries>
  <TestLists>
    <TestList name="Resultados sin formato de lista" id="8c84fa94-04c1-424b-9868-57a2d4851a1d" />
    <TestList name="Todos los resultados cargados" id="19431567-8539-422a-85d7-44ee4e166bda" />
  </TestLists>
  <ResultSummary outcome="Completed">
    <Counters total="25" executed="25" passed="25" failed="0" error="0" timeout="0" aborted="0" inconclusive="0" passedButRunAborted="0" notRunnable="0" notExecuted="0" disconnected="0" warning="0" completed="0" inProgress="0" pending="0" />
    <Output>
      <StdOut>NUnit Adapter 4.6.0.0: Test execution started&#xD;
Running all tests in C:\Users\Asus\OneDrive - CONTASIS\ProyectoFacturaFacil\tests\ConfiguracionSistemaBC.Tests\bin\Debug\net9.0\ConfiguracionSistemaBC.Tests.dll&#xD;
   NUnit3TestExecutor discovered 25 of 25 NUnit test cases using Current Discovery mode, Non-Explicit run&#xD;
NUnit Adapter 4.6.0.0: Test execution complete&#xD;
</StdOut>
    </Output>
  </ResultSummary>
</TestRun>