<?xml version="1.0" encoding="utf-8"?>
<TestRun id="a0d9ec6d-831a-4b48-a6a3-6d4c18e77a1d" name="Asus@DESKTOP-GBNCN2L 2025-08-11 16:06:04" runUser="DESKTOP-GBNCN2L\Asus" xmlns="http://microsoft.com/schemas/VisualStudio/TeamTest/2010">
  <Times creation="2025-08-11T16:06:04.7321765-05:00" queuing="2025-08-11T16:06:04.7321770-05:00" start="2025-08-11T16:06:03.3836632-05:00" finish="2025-08-11T16:06:04.7837013-05:00" />
  <TestSettings name="default" id="302a0f87-7e42-4452-913d-03246cb29d74">
    <Deployment runDeploymentRoot="Asus_DESKTOP-GBNCN2L_2025-08-11_16_06_04" />
  </TestSettings>
  <Results>
    <UnitTestResult executionId="fc856abe-550b-434b-9a2d-9e265883ebd2" testId="8ecf491a-89bf-9a84-9e69-07925a5145d3" testName="From_AceptaCodigosYAliases_NormalizaACodigo(&quot;B&quot;,&quot;03&quot;)" computerName="DESKTOP-GBNCN2L" duration="00:00:00.0000050" startTime="2025-08-11T16:06:04.5829253-05:00" endTime="2025-08-11T16:06:04.5829301-05:00" testType="13cdc9d9-ddb5-4fa4-a97d-d965ccfc6d4b" outcome="Passed" testListId="8c84fa94-04c1-424b-9868-57a2d4851a1d" relativeResultsDirectory="fc856abe-550b-434b-9a2d-9e265883ebd2" />
    <UnitTestResult executionId="63989579-b5c3-43d1-a95d-bc90035ccf2e" testId="2d67c718-ac7d-4432-637f-1e4119c715ff" testName="InstanciasConocidas_MVP_DebenEstarDefinidasCorrectamente" computerName="DESKTOP-GBNCN2L" duration="00:00:00.0057820" startTime="2025-08-11T16:06:04.6148293-05:00" endTime="2025-08-11T16:06:04.6206113-05:00" testType="13cdc9d9-ddb5-4fa4-a97d-d965ccfc6d4b" outcome="Passed" testListId="8c84fa94-04c1-424b-9868-57a2d4851a1d" relativeResultsDirectory="63989579-b5c3-43d1-a95d-bc90035ccf2e" />
    <UnitTestResult executionId="32a1a977-728e-4713-9604-177b6f4fa903" testId="229e927e-03f0-c8c8-0ec1-40d846b26c9e" testName="From_AceptaCodigosYAliases_NormalizaACodigo(&quot;01&quot;,&quot;01&quot;)" computerName="DESKTOP-GBNCN2L" duration="00:00:00.0041009" startTime="2025-08-11T16:06:04.5782112-05:00" endTime="2025-08-11T16:06:04.5823110-05:00" testType="13cdc9d9-ddb5-4fa4-a97d-d965ccfc6d4b" outcome="Passed" testListId="8c84fa94-04c1-424b-9868-57a2d4851a1d" relativeResultsDirectory="32a1a977-728e-4713-9604-177b6f4fa903" />
    <UnitTestResult executionId="01d16585-718e-4bf8-b60f-3b2abb573a61" testId="3f356bac-c1fd-7e65-1eaa-48f79652fb23" testName="From_ValorNoReconocido_LanzaExcepcion(&quot;99&quot;)" computerName="DESKTOP-GBNCN2L" duration="00:00:00.0000370" startTime="2025-08-11T16:06:04.5944712-05:00" endTime="2025-08-11T16:06:04.5945080-05:00" testType="13cdc9d9-ddb5-4fa4-a97d-d965ccfc6d4b" outcome="Passed" testListId="8c84fa94-04c1-424b-9868-57a2d4851a1d" relativeResultsDirectory="01d16585-718e-4bf8-b60f-3b2abb573a61" />
    <UnitTestResult executionId="6f0b1d18-ba0b-4763-bf42-dae9d9a56944" testId="28dedac5-7c59-bc52-ccbe-a80f7603e040" testName="IgualdadPorValor_Y_Operadores_DebenFuncionar" computerName="DESKTOP-GBNCN2L" duration="00:00:00.0045010" startTime="2025-08-11T16:06:04.6102515-05:00" endTime="2025-08-11T16:06:04.6147498-05:00" testType="13cdc9d9-ddb5-4fa4-a97d-d965ccfc6d4b" outcome="Passed" testListId="8c84fa94-04c1-424b-9868-57a2d4851a1d" relativeResultsDirectory="6f0b1d18-ba0b-4763-bf42-dae9d9a56944" />
    <UnitTestResult executionId="8a9381f2-1469-485b-9915-833ba3f4d5af" testId="4774e882-8bed-b949-9f2c-faed1c501225" testName="Json_ValorInvalido_LanzaJsonException" computerName="DESKTOP-GBNCN2L" duration="00:00:00.0013380" startTime="2025-08-11T16:06:04.6669081-05:00" endTime="2025-08-11T16:06:04.6682451-05:00" testType="13cdc9d9-ddb5-4fa4-a97d-d965ccfc6d4b" outcome="Passed" testListId="8c84fa94-04c1-424b-9868-57a2d4851a1d" relativeResultsDirectory="8a9381f2-1469-485b-9915-833ba3f4d5af" />
    <UnitTestResult executionId="5d17c72a-18af-4864-9bff-13eb43f93586" testId="6bfa5254-ff30-2515-99d6-32adf0f0e64f" testName="FromCode_Invalido_LanzaExcepcion" computerName="DESKTOP-GBNCN2L" duration="00:00:00.0148150" startTime="2025-08-11T16:06:04.5945491-05:00" endTime="2025-08-11T16:06:04.6093622-05:00" testType="13cdc9d9-ddb5-4fa4-a97d-d965ccfc6d4b" outcome="Passed" testListId="8c84fa94-04c1-424b-9868-57a2d4851a1d" relativeResultsDirectory="5d17c72a-18af-4864-9bff-13eb43f93586" />
    <UnitTestResult executionId="5957f785-2d1a-4ed5-84b6-2e3873d205f6" testId="7b1ad6b1-922a-b2d5-33a5-6b337525440b" testName="Json_PropiedadNullable_AceptaNull" computerName="DESKTOP-GBNCN2L" duration="00:00:00.0061830" startTime="2025-08-11T16:06:04.6594852-05:00" endTime="2025-08-11T16:06:04.6656682-05:00" testType="13cdc9d9-ddb5-4fa4-a97d-d965ccfc6d4b" outcome="Passed" testListId="8c84fa94-04c1-424b-9868-57a2d4851a1d" relativeResultsDirectory="5957f785-2d1a-4ed5-84b6-2e3873d205f6" />
    <UnitTestResult executionId="71b630b6-f324-4604-9d17-b6013ee7d2aa" testId="4d036b91-af00-770c-de3d-7615c789afd7" testName="ExplicitoDesdeString_DeberiaCrearDesdeAliasOCodigo" computerName="DESKTOP-GBNCN2L" duration="00:00:00.0175830" startTime="2025-08-11T16:06:04.5583535-05:00" endTime="2025-08-11T16:06:04.5758385-05:00" testType="13cdc9d9-ddb5-4fa4-a97d-d965ccfc6d4b" outcome="Passed" testListId="8c84fa94-04c1-424b-9868-57a2d4851a1d" relativeResultsDirectory="71b630b6-f324-4604-9d17-b6013ee7d2aa" />
    <UnitTestResult executionId="71196307-095a-491b-8c59-9b0b00ee7b72" testId="1a820d69-60e4-3414-c127-2d030b551219" testName="Json_DeserializaDesdeCodigoYAlias" computerName="DESKTOP-GBNCN2L" duration="00:00:00.0387819" startTime="2025-08-11T16:06:04.6206338-05:00" endTime="2025-08-11T16:06:04.6594155-05:00" testType="13cdc9d9-ddb5-4fa4-a97d-d965ccfc6d4b" outcome="Passed" testListId="8c84fa94-04c1-424b-9868-57a2d4851a1d" relativeResultsDirectory="71196307-095a-491b-8c59-9b0b00ee7b72" />
    <UnitTestResult executionId="1d3e8749-690a-4699-b364-31bbb6813f3f" testId="95d1fe0f-35c0-d233-d21d-6ee7dcc40128" testName="From_AceptaCodigosYAliases_NormalizaACodigo(&quot;boleta&quot;,&quot;03&quot;)" computerName="DESKTOP-GBNCN2L" duration="00:00:00.0000210" startTime="2025-08-11T16:06:04.5828994-05:00" endTime="2025-08-11T16:06:04.5829208-05:00" testType="13cdc9d9-ddb5-4fa4-a97d-d965ccfc6d4b" outcome="Passed" testListId="8c84fa94-04c1-424b-9868-57a2d4851a1d" relativeResultsDirectory="1d3e8749-690a-4699-b364-31bbb6813f3f" />
    <UnitTestResult executionId="d9e96b18-a24a-4530-967c-4f5ec346d157" testId="6e338938-9249-791b-bc5b-5f0d853b4bc0" testName="From_AceptaCodigosYAliases_NormalizaACodigo(&quot;Factura&quot;,&quot;01&quot;)" computerName="DESKTOP-GBNCN2L" duration="00:00:00.0000060" startTime="2025-08-11T16:06:04.5828450-05:00" endTime="2025-08-11T16:06:04.5828511-05:00" testType="13cdc9d9-ddb5-4fa4-a97d-d965ccfc6d4b" outcome="Passed" testListId="8c84fa94-04c1-424b-9868-57a2d4851a1d" relativeResultsDirectory="d9e96b18-a24a-4530-967c-4f5ec346d157" />
    <UnitTestResult executionId="ea0de0bc-f227-4200-a3df-2459ee53c2dc" testId="f7962385-0d36-4874-9080-5ba814b965f2" testName="From_AceptaCodigosYAliases_NormalizaACodigo(&quot;BOLETA DE VENTA&quot;,&quot;03&quot;)" computerName="DESKTOP-GBNCN2L" duration="00:00:00.0000050" startTime="2025-08-11T16:06:04.5829348-05:00" endTime="2025-08-11T16:06:04.5829400-05:00" testType="13cdc9d9-ddb5-4fa4-a97d-d965ccfc6d4b" outcome="Passed" testListId="8c84fa94-04c1-424b-9868-57a2d4851a1d" relativeResultsDirectory="ea0de0bc-f227-4200-a3df-2459ee53c2dc" />
    <UnitTestResult executionId="0f055f7f-3917-49ea-a515-fc5d0d33429c" testId="09208494-7464-5036-66bf-c9088a596b7b" testName="Json_SerializaComoCodigoSunat" computerName="DESKTOP-GBNCN2L" duration="00:00:00.0011640" startTime="2025-08-11T16:06:04.6657135-05:00" endTime="2025-08-11T16:06:04.6668768-05:00" testType="13cdc9d9-ddb5-4fa4-a97d-d965ccfc6d4b" outcome="Passed" testListId="8c84fa94-04c1-424b-9868-57a2d4851a1d" relativeResultsDirectory="0f055f7f-3917-49ea-a515-fc5d0d33429c" />
    <UnitTestResult executionId="04936f95-1fa4-46fe-b1f2-efd0c77058f2" testId="8c5b64e0-5791-fe88-d9f9-455a9a6cf3ab" testName="From_AceptaCodigosYAliases_NormalizaACodigo(&quot;factura&quot;,&quot;01&quot;)" computerName="DESKTOP-GBNCN2L" duration="00:00:00.0000300" startTime="2025-08-11T16:06:04.5828088-05:00" endTime="2025-08-11T16:06:04.5828386-05:00" testType="13cdc9d9-ddb5-4fa4-a97d-d965ccfc6d4b" outcome="Passed" testListId="8c84fa94-04c1-424b-9868-57a2d4851a1d" relativeResultsDirectory="04936f95-1fa4-46fe-b1f2-efd0c77058f2" />
    <UnitTestResult executionId="cec0d9fe-d1f3-431b-b8c5-aae681ecf63b" testId="c48150cd-1e5d-4a43-ac75-108804391b00" testName="From_ValorNoReconocido_LanzaExcepcion(&quot;   &quot;)" computerName="DESKTOP-GBNCN2L" duration="00:00:00.0000680" startTime="2025-08-11T16:06:04.5943569-05:00" endTime="2025-08-11T16:06:04.5944244-05:00" testType="13cdc9d9-ddb5-4fa4-a97d-d965ccfc6d4b" outcome="Passed" testListId="8c84fa94-04c1-424b-9868-57a2d4851a1d" relativeResultsDirectory="cec0d9fe-d1f3-431b-b8c5-aae681ecf63b" />
    <UnitTestResult executionId="703529f1-0d5a-43c3-b5a9-94b510534424" testId="1abcffba-bfdb-531c-756a-f79a8b19a758" testName="From_ValorNoReconocido_LanzaExcepcion(null)" computerName="DESKTOP-GBNCN2L" duration="00:00:00.0089350" startTime="2025-08-11T16:06:04.5849410-05:00" endTime="2025-08-11T16:06:04.5938753-05:00" testType="13cdc9d9-ddb5-4fa4-a97d-d965ccfc6d4b" outcome="Passed" testListId="8c84fa94-04c1-424b-9868-57a2d4851a1d" relativeResultsDirectory="703529f1-0d5a-43c3-b5a9-94b510534424" />
    <UnitTestResult executionId="48ce888c-3e03-4751-a021-2057e864141b" testId="4e90917c-50d5-0345-8564-398bb692ef77" testName="From_AceptaCodigosYAliases_NormalizaACodigo(&quot;03&quot;,&quot;03&quot;)" computerName="DESKTOP-GBNCN2L" duration="00:00:00.0004260" startTime="2025-08-11T16:06:04.5823582-05:00" endTime="2025-08-11T16:06:04.5827832-05:00" testType="13cdc9d9-ddb5-4fa4-a97d-d965ccfc6d4b" outcome="Passed" testListId="8c84fa94-04c1-424b-9868-57a2d4851a1d" relativeResultsDirectory="48ce888c-3e03-4751-a021-2057e864141b" />
    <UnitTestResult executionId="ca6a69e1-5ee5-4c09-98eb-b527fb059592" testId="dadd8af9-7f83-2d15-6889-6a25156296d9" testName="TryParse_DebeSerRobusto" computerName="DESKTOP-GBNCN2L" duration="00:00:00.0001940" startTime="2025-08-11T16:06:04.6688454-05:00" endTime="2025-08-11T16:06:04.6690397-05:00" testType="13cdc9d9-ddb5-4fa4-a97d-d965ccfc6d4b" outcome="Passed" testListId="8c84fa94-04c1-424b-9868-57a2d4851a1d" relativeResultsDirectory="ca6a69e1-5ee5-4c09-98eb-b527fb059592" />
    <UnitTestResult executionId="b6ff34ea-e6c8-4572-971b-7a304fa22f29" testId="48eb9a03-4281-b747-5c34-86670285e5a0" testName="From_AceptaCodigosYAliases_NormalizaACodigo(&quot;F&quot;,&quot;01&quot;)" computerName="DESKTOP-GBNCN2L" duration="00:00:00.0000150" startTime="2025-08-11T16:06:04.5828750-05:00" endTime="2025-08-11T16:06:04.5828901-05:00" testType="13cdc9d9-ddb5-4fa4-a97d-d965ccfc6d4b" outcome="Passed" testListId="8c84fa94-04c1-424b-9868-57a2d4851a1d" relativeResultsDirectory="b6ff34ea-e6c8-4572-971b-7a304fa22f29" />
    <UnitTestResult executionId="0bd58ad8-b453-4d9d-bfd7-fb2623924421" testId="2916ca5a-5711-7023-ae51-84d9b6f3cda8" testName="SerieSigueConvencion_DebeValidarPrefijosUsuales" computerName="DESKTOP-GBNCN2L" duration="00:00:00.0003500" startTime="2025-08-11T16:06:04.6682624-05:00" endTime="2025-08-11T16:06:04.6686118-05:00" testType="13cdc9d9-ddb5-4fa4-a97d-d965ccfc6d4b" outcome="Passed" testListId="8c84fa94-04c1-424b-9868-57a2d4851a1d" relativeResultsDirectory="0bd58ad8-b453-4d9d-bfd7-fb2623924421" />
    <UnitTestResult executionId="2c123a53-84e1-4e70-802c-0feb11dd7c7e" testId="e0f7c8a0-24de-0411-93b4-0ae74bbfa004" testName="From_ValorNoReconocido_LanzaExcepcion(&quot;&quot;)" computerName="DESKTOP-GBNCN2L" duration="00:00:00.0004380" startTime="2025-08-11T16:06:04.5939027-05:00" endTime="2025-08-11T16:06:04.5943403-05:00" testType="13cdc9d9-ddb5-4fa4-a97d-d965ccfc6d4b" outcome="Passed" testListId="8c84fa94-04c1-424b-9868-57a2d4851a1d" relativeResultsDirectory="2c123a53-84e1-4e70-802c-0feb11dd7c7e" />
    <UnitTestResult executionId="11670a13-92cd-46b4-a397-6a82e23b705e" testId="59916718-38ce-a4be-b55d-cdbd329cca85" testName="ToString_E_ImplícitoAString_DeberianRetornarCodigo" computerName="DESKTOP-GBNCN2L" duration="00:00:00.0002040" startTime="2025-08-11T16:06:04.6686263-05:00" endTime="2025-08-11T16:06:04.6688301-05:00" testType="13cdc9d9-ddb5-4fa4-a97d-d965ccfc6d4b" outcome="Passed" testListId="8c84fa94-04c1-424b-9868-57a2d4851a1d" relativeResultsDirectory="11670a13-92cd-46b4-a397-6a82e23b705e" />
    <UnitTestResult executionId="3772b9d7-0f56-4e0f-8809-21d785258cfe" testId="62a6c29d-0832-f297-ee0f-3f6d9bb2a288" testName="FromCode_Valido_RetornaInstanciaConocida" computerName="DESKTOP-GBNCN2L" duration="00:00:00.0007870" startTime="2025-08-11T16:06:04.6094282-05:00" endTime="2025-08-11T16:06:04.6102137-05:00" testType="13cdc9d9-ddb5-4fa4-a97d-d965ccfc6d4b" outcome="Passed" testListId="8c84fa94-04c1-424b-9868-57a2d4851a1d" relativeResultsDirectory="3772b9d7-0f56-4e0f-8809-21d785258cfe" />
    <UnitTestResult executionId="21fee267-8ba1-4fc5-953c-4d7322258934" testId="b844cffc-fc98-6f8c-bc4c-3e573fa7107f" testName="From_ValorNoReconocido_LanzaExcepcion(&quot;X&quot;)" computerName="DESKTOP-GBNCN2L" duration="00:00:00.0000380" startTime="2025-08-11T16:06:04.5944294-05:00" endTime="2025-08-11T16:06:04.5944676-05:00" testType="13cdc9d9-ddb5-4fa4-a97d-d965ccfc6d4b" outcome="Passed" testListId="8c84fa94-04c1-424b-9868-57a2d4851a1d" relativeResultsDirectory="21fee267-8ba1-4fc5-953c-4d7322258934" />
  </Results>
  <TestDefinitions>
    <UnitTest name="From_AceptaCodigosYAliases_NormalizaACodigo(&quot;B&quot;,&quot;03&quot;)" storage="c:\users\asus\onedrive - contasis\proyectofacturafacil\tests\configuracionsistemabc.tests\bin\debug\net9.0\configuracionsistemabc.tests.dll" id="8ecf491a-89bf-9a84-9e69-07925a5145d3">
      <Execution id="fc856abe-550b-434b-9a2d-9e265883ebd2" />
      <TestMethod codeBase="C:\Users\Asus\OneDrive - CONTASIS\ProyectoFacturaFacil\tests\ConfiguracionSistemaBC.Tests\bin\Debug\net9.0\ConfiguracionSistemaBC.Tests.dll" adapterTypeName="executor://nunit3testexecutor/" className="ConfiguracionSistemaBC.Tests.UnitTests.ValueObjects.TipoComprobanteCodigoTests" name="From_AceptaCodigosYAliases_NormalizaACodigo(&quot;B&quot;,&quot;03&quot;)" />
    </UnitTest>
    <UnitTest name="From_AceptaCodigosYAliases_NormalizaACodigo(&quot;01&quot;,&quot;01&quot;)" storage="c:\users\asus\onedrive - contasis\proyectofacturafacil\tests\configuracionsistemabc.tests\bin\debug\net9.0\configuracionsistemabc.tests.dll" id="229e927e-03f0-c8c8-0ec1-40d846b26c9e">
      <Execution id="32a1a977-728e-4713-9604-177b6f4fa903" />
      <TestMethod codeBase="C:\Users\Asus\OneDrive - CONTASIS\ProyectoFacturaFacil\tests\ConfiguracionSistemaBC.Tests\bin\Debug\net9.0\ConfiguracionSistemaBC.Tests.dll" adapterTypeName="executor://nunit3testexecutor/" className="ConfiguracionSistemaBC.Tests.UnitTests.ValueObjects.TipoComprobanteCodigoTests" name="From_AceptaCodigosYAliases_NormalizaACodigo(&quot;01&quot;,&quot;01&quot;)" />
    </UnitTest>
    <UnitTest name="From_AceptaCodigosYAliases_NormalizaACodigo(&quot;F&quot;,&quot;01&quot;)" storage="c:\users\asus\onedrive - contasis\proyectofacturafacil\tests\configuracionsistemabc.tests\bin\debug\net9.0\configuracionsistemabc.tests.dll" id="48eb9a03-4281-b747-5c34-86670285e5a0">
      <Execution id="b6ff34ea-e6c8-4572-971b-7a304fa22f29" />
      <TestMethod codeBase="C:\Users\Asus\OneDrive - CONTASIS\ProyectoFacturaFacil\tests\ConfiguracionSistemaBC.Tests\bin\Debug\net9.0\ConfiguracionSistemaBC.Tests.dll" adapterTypeName="executor://nunit3testexecutor/" className="ConfiguracionSistemaBC.Tests.UnitTests.ValueObjects.TipoComprobanteCodigoTests" name="From_AceptaCodigosYAliases_NormalizaACodigo(&quot;F&quot;,&quot;01&quot;)" />
    </UnitTest>
    <UnitTest name="From_ValorNoReconocido_LanzaExcepcion(&quot;99&quot;)" storage="c:\users\asus\onedrive - contasis\proyectofacturafacil\tests\configuracionsistemabc.tests\bin\debug\net9.0\configuracionsistemabc.tests.dll" id="3f356bac-c1fd-7e65-1eaa-48f79652fb23">
      <Execution id="01d16585-718e-4bf8-b60f-3b2abb573a61" />
      <TestMethod codeBase="C:\Users\Asus\OneDrive - CONTASIS\ProyectoFacturaFacil\tests\ConfiguracionSistemaBC.Tests\bin\Debug\net9.0\ConfiguracionSistemaBC.Tests.dll" adapterTypeName="executor://nunit3testexecutor/" className="ConfiguracionSistemaBC.Tests.UnitTests.ValueObjects.TipoComprobanteCodigoTests" name="From_ValorNoReconocido_LanzaExcepcion(&quot;99&quot;)" />
    </UnitTest>
    <UnitTest name="From_AceptaCodigosYAliases_NormalizaACodigo(&quot;boleta&quot;,&quot;03&quot;)" storage="c:\users\asus\onedrive - contasis\proyectofacturafacil\tests\configuracionsistemabc.tests\bin\debug\net9.0\configuracionsistemabc.tests.dll" id="95d1fe0f-35c0-d233-d21d-6ee7dcc40128">
      <Execution id="1d3e8749-690a-4699-b364-31bbb6813f3f" />
      <TestMethod codeBase="C:\Users\Asus\OneDrive - CONTASIS\ProyectoFacturaFacil\tests\ConfiguracionSistemaBC.Tests\bin\Debug\net9.0\ConfiguracionSistemaBC.Tests.dll" adapterTypeName="executor://nunit3testexecutor/" className="ConfiguracionSistemaBC.Tests.UnitTests.ValueObjects.TipoComprobanteCodigoTests" name="From_AceptaCodigosYAliases_NormalizaACodigo(&quot;boleta&quot;,&quot;03&quot;)" />
    </UnitTest>
    <UnitTest name="IgualdadPorValor_Y_Operadores_DebenFuncionar" storage="c:\users\asus\onedrive - contasis\proyectofacturafacil\tests\configuracionsistemabc.tests\bin\debug\net9.0\configuracionsistemabc.tests.dll" id="28dedac5-7c59-bc52-ccbe-a80f7603e040">
      <Execution id="6f0b1d18-ba0b-4763-bf42-dae9d9a56944" />
      <TestMethod codeBase="C:\Users\Asus\OneDrive - CONTASIS\ProyectoFacturaFacil\tests\ConfiguracionSistemaBC.Tests\bin\Debug\net9.0\ConfiguracionSistemaBC.Tests.dll" adapterTypeName="executor://nunit3testexecutor/" className="ConfiguracionSistemaBC.Tests.UnitTests.ValueObjects.TipoComprobanteCodigoTests" name="IgualdadPorValor_Y_Operadores_DebenFuncionar" />
    </UnitTest>
    <UnitTest name="FromCode_Valido_RetornaInstanciaConocida" storage="c:\users\asus\onedrive - contasis\proyectofacturafacil\tests\configuracionsistemabc.tests\bin\debug\net9.0\configuracionsistemabc.tests.dll" id="62a6c29d-0832-f297-ee0f-3f6d9bb2a288">
      <Execution id="3772b9d7-0f56-4e0f-8809-21d785258cfe" />
      <TestMethod codeBase="C:\Users\Asus\OneDrive - CONTASIS\ProyectoFacturaFacil\tests\ConfiguracionSistemaBC.Tests\bin\Debug\net9.0\ConfiguracionSistemaBC.Tests.dll" adapterTypeName="executor://nunit3testexecutor/" className="ConfiguracionSistemaBC.Tests.UnitTests.ValueObjects.TipoComprobanteCodigoTests" name="FromCode_Valido_RetornaInstanciaConocida" />
    </UnitTest>
    <UnitTest name="Json_PropiedadNullable_AceptaNull" storage="c:\users\asus\onedrive - contasis\proyectofacturafacil\tests\configuracionsistemabc.tests\bin\debug\net9.0\configuracionsistemabc.tests.dll" id="7b1ad6b1-922a-b2d5-33a5-6b337525440b">
      <Execution id="5957f785-2d1a-4ed5-84b6-2e3873d205f6" />
      <TestMethod codeBase="C:\Users\Asus\OneDrive - CONTASIS\ProyectoFacturaFacil\tests\ConfiguracionSistemaBC.Tests\bin\Debug\net9.0\ConfiguracionSistemaBC.Tests.dll" adapterTypeName="executor://nunit3testexecutor/" className="ConfiguracionSistemaBC.Tests.UnitTests.ValueObjects.TipoComprobanteCodigoTests" name="Json_PropiedadNullable_AceptaNull" />
    </UnitTest>
    <UnitTest name="From_AceptaCodigosYAliases_NormalizaACodigo(&quot;factura&quot;,&quot;01&quot;)" storage="c:\users\asus\onedrive - contasis\proyectofacturafacil\tests\configuracionsistemabc.tests\bin\debug\net9.0\configuracionsistemabc.tests.dll" id="8c5b64e0-5791-fe88-d9f9-455a9a6cf3ab">
      <Execution id="04936f95-1fa4-46fe-b1f2-efd0c77058f2" />
      <TestMethod codeBase="C:\Users\Asus\OneDrive - CONTASIS\ProyectoFacturaFacil\tests\ConfiguracionSistemaBC.Tests\bin\Debug\net9.0\ConfiguracionSistemaBC.Tests.dll" adapterTypeName="executor://nunit3testexecutor/" className="ConfiguracionSistemaBC.Tests.UnitTests.ValueObjects.TipoComprobanteCodigoTests" name="From_AceptaCodigosYAliases_NormalizaACodigo(&quot;factura&quot;,&quot;01&quot;)" />
    </UnitTest>
    <UnitTest name="ToString_E_ImplícitoAString_DeberianRetornarCodigo" storage="c:\users\asus\onedrive - contasis\proyectofacturafacil\tests\configuracionsistemabc.tests\bin\debug\net9.0\configuracionsistemabc.tests.dll" id="59916718-38ce-a4be-b55d-cdbd329cca85">
      <Execution id="11670a13-92cd-46b4-a397-6a82e23b705e" />
      <TestMethod codeBase="C:\Users\Asus\OneDrive - CONTASIS\ProyectoFacturaFacil\tests\ConfiguracionSistemaBC.Tests\bin\Debug\net9.0\ConfiguracionSistemaBC.Tests.dll" adapterTypeName="executor://nunit3testexecutor/" className="ConfiguracionSistemaBC.Tests.UnitTests.ValueObjects.TipoComprobanteCodigoTests" name="ToString_E_ImplícitoAString_DeberianRetornarCodigo" />
    </UnitTest>
    <UnitTest name="From_AceptaCodigosYAliases_NormalizaACodigo(&quot;Factura&quot;,&quot;01&quot;)" storage="c:\users\asus\onedrive - contasis\proyectofacturafacil\tests\configuracionsistemabc.tests\bin\debug\net9.0\configuracionsistemabc.tests.dll" id="6e338938-9249-791b-bc5b-5f0d853b4bc0">
      <Execution id="d9e96b18-a24a-4530-967c-4f5ec346d157" />
      <TestMethod codeBase="C:\Users\Asus\OneDrive - CONTASIS\ProyectoFacturaFacil\tests\ConfiguracionSistemaBC.Tests\bin\Debug\net9.0\ConfiguracionSistemaBC.Tests.dll" adapterTypeName="executor://nunit3testexecutor/" className="ConfiguracionSistemaBC.Tests.UnitTests.ValueObjects.TipoComprobanteCodigoTests" name="From_AceptaCodigosYAliases_NormalizaACodigo(&quot;Factura&quot;,&quot;01&quot;)" />
    </UnitTest>
    <UnitTest name="Json_DeserializaDesdeCodigoYAlias" storage="c:\users\asus\onedrive - contasis\proyectofacturafacil\tests\configuracionsistemabc.tests\bin\debug\net9.0\configuracionsistemabc.tests.dll" id="1a820d69-60e4-3414-c127-2d030b551219">
      <Execution id="71196307-095a-491b-8c59-9b0b00ee7b72" />
      <TestMethod codeBase="C:\Users\Asus\OneDrive - CONTASIS\ProyectoFacturaFacil\tests\ConfiguracionSistemaBC.Tests\bin\Debug\net9.0\ConfiguracionSistemaBC.Tests.dll" adapterTypeName="executor://nunit3testexecutor/" className="ConfiguracionSistemaBC.Tests.UnitTests.ValueObjects.TipoComprobanteCodigoTests" name="Json_DeserializaDesdeCodigoYAlias" />
    </UnitTest>
    <UnitTest name="From_AceptaCodigosYAliases_NormalizaACodigo(&quot;03&quot;,&quot;03&quot;)" storage="c:\users\asus\onedrive - contasis\proyectofacturafacil\tests\configuracionsistemabc.tests\bin\debug\net9.0\configuracionsistemabc.tests.dll" id="4e90917c-50d5-0345-8564-398bb692ef77">
      <Execution id="48ce888c-3e03-4751-a021-2057e864141b" />
      <TestMethod codeBase="C:\Users\Asus\OneDrive - CONTASIS\ProyectoFacturaFacil\tests\ConfiguracionSistemaBC.Tests\bin\Debug\net9.0\ConfiguracionSistemaBC.Tests.dll" adapterTypeName="executor://nunit3testexecutor/" className="ConfiguracionSistemaBC.Tests.UnitTests.ValueObjects.TipoComprobanteCodigoTests" name="From_AceptaCodigosYAliases_NormalizaACodigo(&quot;03&quot;,&quot;03&quot;)" />
    </UnitTest>
    <UnitTest name="From_AceptaCodigosYAliases_NormalizaACodigo(&quot;BOLETA DE VENTA&quot;,&quot;03&quot;)" storage="c:\users\asus\onedrive - contasis\proyectofacturafacil\tests\configuracionsistemabc.tests\bin\debug\net9.0\configuracionsistemabc.tests.dll" id="f7962385-0d36-4874-9080-5ba814b965f2">
      <Execution id="ea0de0bc-f227-4200-a3df-2459ee53c2dc" />
      <TestMethod codeBase="C:\Users\Asus\OneDrive - CONTASIS\ProyectoFacturaFacil\tests\ConfiguracionSistemaBC.Tests\bin\Debug\net9.0\ConfiguracionSistemaBC.Tests.dll" adapterTypeName="executor://nunit3testexecutor/" className="ConfiguracionSistemaBC.Tests.UnitTests.ValueObjects.TipoComprobanteCodigoTests" name="From_AceptaCodigosYAliases_NormalizaACodigo(&quot;BOLETA DE VENTA&quot;,&quot;03&quot;)" />
    </UnitTest>
    <UnitTest name="From_ValorNoReconocido_LanzaExcepcion(&quot;&quot;)" storage="c:\users\asus\onedrive - contasis\proyectofacturafacil\tests\configuracionsistemabc.tests\bin\debug\net9.0\configuracionsistemabc.tests.dll" id="e0f7c8a0-24de-0411-93b4-0ae74bbfa004">
      <Execution id="2c123a53-84e1-4e70-802c-0feb11dd7c7e" />
      <TestMethod codeBase="C:\Users\Asus\OneDrive - CONTASIS\ProyectoFacturaFacil\tests\ConfiguracionSistemaBC.Tests\bin\Debug\net9.0\ConfiguracionSistemaBC.Tests.dll" adapterTypeName="executor://nunit3testexecutor/" className="ConfiguracionSistemaBC.Tests.UnitTests.ValueObjects.TipoComprobanteCodigoTests" name="From_ValorNoReconocido_LanzaExcepcion(&quot;&quot;)" />
    </UnitTest>
    <UnitTest name="SerieSigueConvencion_DebeValidarPrefijosUsuales" storage="c:\users\asus\onedrive - contasis\proyectofacturafacil\tests\configuracionsistemabc.tests\bin\debug\net9.0\configuracionsistemabc.tests.dll" id="2916ca5a-5711-7023-ae51-84d9b6f3cda8">
      <Execution id="0bd58ad8-b453-4d9d-bfd7-fb2623924421" />
      <TestMethod codeBase="C:\Users\Asus\OneDrive - CONTASIS\ProyectoFacturaFacil\tests\ConfiguracionSistemaBC.Tests\bin\Debug\net9.0\ConfiguracionSistemaBC.Tests.dll" adapterTypeName="executor://nunit3testexecutor/" className="ConfiguracionSistemaBC.Tests.UnitTests.ValueObjects.TipoComprobanteCodigoTests" name="SerieSigueConvencion_DebeValidarPrefijosUsuales" />
    </UnitTest>
    <UnitTest name="TryParse_DebeSerRobusto" storage="c:\users\asus\onedrive - contasis\proyectofacturafacil\tests\configuracionsistemabc.tests\bin\debug\net9.0\configuracionsistemabc.tests.dll" id="dadd8af9-7f83-2d15-6889-6a25156296d9">
      <Execution id="ca6a69e1-5ee5-4c09-98eb-b527fb059592" />
      <TestMethod codeBase="C:\Users\Asus\OneDrive - CONTASIS\ProyectoFacturaFacil\tests\ConfiguracionSistemaBC.Tests\bin\Debug\net9.0\ConfiguracionSistemaBC.Tests.dll" adapterTypeName="executor://nunit3testexecutor/" className="ConfiguracionSistemaBC.Tests.UnitTests.ValueObjects.TipoComprobanteCodigoTests" name="TryParse_DebeSerRobusto" />
    </UnitTest>
    <UnitTest name="Json_SerializaComoCodigoSunat" storage="c:\users\asus\onedrive - contasis\proyectofacturafacil\tests\configuracionsistemabc.tests\bin\debug\net9.0\configuracionsistemabc.tests.dll" id="09208494-7464-5036-66bf-c9088a596b7b">
      <Execution id="0f055f7f-3917-49ea-a515-fc5d0d33429c" />
      <TestMethod codeBase="C:\Users\Asus\OneDrive - CONTASIS\ProyectoFacturaFacil\tests\ConfiguracionSistemaBC.Tests\bin\Debug\net9.0\ConfiguracionSistemaBC.Tests.dll" adapterTypeName="executor://nunit3testexecutor/" className="ConfiguracionSistemaBC.Tests.UnitTests.ValueObjects.TipoComprobanteCodigoTests" name="Json_SerializaComoCodigoSunat" />
    </UnitTest>
    <UnitTest name="From_ValorNoReconocido_LanzaExcepcion(&quot;   &quot;)" storage="c:\users\asus\onedrive - contasis\proyectofacturafacil\tests\configuracionsistemabc.tests\bin\debug\net9.0\configuracionsistemabc.tests.dll" id="c48150cd-1e5d-4a43-ac75-108804391b00">
      <Execution id="cec0d9fe-d1f3-431b-b8c5-aae681ecf63b" />
      <TestMethod codeBase="C:\Users\Asus\OneDrive - CONTASIS\ProyectoFacturaFacil\tests\ConfiguracionSistemaBC.Tests\bin\Debug\net9.0\ConfiguracionSistemaBC.Tests.dll" adapterTypeName="executor://nunit3testexecutor/" className="ConfiguracionSistemaBC.Tests.UnitTests.ValueObjects.TipoComprobanteCodigoTests" name="From_ValorNoReconocido_LanzaExcepcion(&quot;   &quot;)" />
    </UnitTest>
    <UnitTest name="ExplicitoDesdeString_DeberiaCrearDesdeAliasOCodigo" storage="c:\users\asus\onedrive - contasis\proyectofacturafacil\tests\configuracionsistemabc.tests\bin\debug\net9.0\configuracionsistemabc.tests.dll" id="4d036b91-af00-770c-de3d-7615c789afd7">
      <Execution id="71b630b6-f324-4604-9d17-b6013ee7d2aa" />
      <TestMethod codeBase="C:\Users\Asus\OneDrive - CONTASIS\ProyectoFacturaFacil\tests\ConfiguracionSistemaBC.Tests\bin\Debug\net9.0\ConfiguracionSistemaBC.Tests.dll" adapterTypeName="executor://nunit3testexecutor/" className="ConfiguracionSistemaBC.Tests.UnitTests.ValueObjects.TipoComprobanteCodigoTests" name="ExplicitoDesdeString_DeberiaCrearDesdeAliasOCodigo" />
    </UnitTest>
    <UnitTest name="From_ValorNoReconocido_LanzaExcepcion(&quot;X&quot;)" storage="c:\users\asus\onedrive - contasis\proyectofacturafacil\tests\configuracionsistemabc.tests\bin\debug\net9.0\configuracionsistemabc.tests.dll" id="b844cffc-fc98-6f8c-bc4c-3e573fa7107f">
      <Execution id="21fee267-8ba1-4fc5-953c-4d7322258934" />
      <TestMethod codeBase="C:\Users\Asus\OneDrive - CONTASIS\ProyectoFacturaFacil\tests\ConfiguracionSistemaBC.Tests\bin\Debug\net9.0\ConfiguracionSistemaBC.Tests.dll" adapterTypeName="executor://nunit3testexecutor/" className="ConfiguracionSistemaBC.Tests.UnitTests.ValueObjects.TipoComprobanteCodigoTests" name="From_ValorNoReconocido_LanzaExcepcion(&quot;X&quot;)" />
    </UnitTest>
    <UnitTest name="FromCode_Invalido_LanzaExcepcion" storage="c:\users\asus\onedrive - contasis\proyectofacturafacil\tests\configuracionsistemabc.tests\bin\debug\net9.0\configuracionsistemabc.tests.dll" id="6bfa5254-ff30-2515-99d6-32adf0f0e64f">
      <Execution id="5d17c72a-18af-4864-9bff-13eb43f93586" />
      <TestMethod codeBase="C:\Users\Asus\OneDrive - CONTASIS\ProyectoFacturaFacil\tests\ConfiguracionSistemaBC.Tests\bin\Debug\net9.0\ConfiguracionSistemaBC.Tests.dll" adapterTypeName="executor://nunit3testexecutor/" className="ConfiguracionSistemaBC.Tests.UnitTests.ValueObjects.TipoComprobanteCodigoTests" name="FromCode_Invalido_LanzaExcepcion" />
    </UnitTest>
    <UnitTest name="InstanciasConocidas_MVP_DebenEstarDefinidasCorrectamente" storage="c:\users\asus\onedrive - contasis\proyectofacturafacil\tests\configuracionsistemabc.tests\bin\debug\net9.0\configuracionsistemabc.tests.dll" id="2d67c718-ac7d-4432-637f-1e4119c715ff">
      <Execution id="63989579-b5c3-43d1-a95d-bc90035ccf2e" />
      <TestMethod codeBase="C:\Users\Asus\OneDrive - CONTASIS\ProyectoFacturaFacil\tests\ConfiguracionSistemaBC.Tests\bin\Debug\net9.0\ConfiguracionSistemaBC.Tests.dll" adapterTypeName="executor://nunit3testexecutor/" className="ConfiguracionSistemaBC.Tests.UnitTests.ValueObjects.TipoComprobanteCodigoTests" name="InstanciasConocidas_MVP_DebenEstarDefinidasCorrectamente" />
    </UnitTest>
    <UnitTest name="From_ValorNoReconocido_LanzaExcepcion(null)" storage="c:\users\asus\onedrive - contasis\proyectofacturafacil\tests\configuracionsistemabc.tests\bin\debug\net9.0\configuracionsistemabc.tests.dll" id="1abcffba-bfdb-531c-756a-f79a8b19a758">
      <Execution id="703529f1-0d5a-43c3-b5a9-94b510534424" />
      <TestMethod codeBase="C:\Users\Asus\OneDrive - CONTASIS\ProyectoFacturaFacil\tests\ConfiguracionSistemaBC.Tests\bin\Debug\net9.0\ConfiguracionSistemaBC.Tests.dll" adapterTypeName="executor://nunit3testexecutor/" className="ConfiguracionSistemaBC.Tests.UnitTests.ValueObjects.TipoComprobanteCodigoTests" name="From_ValorNoReconocido_LanzaExcepcion(null)" />
    </UnitTest>
    <UnitTest name="Json_ValorInvalido_LanzaJsonException" storage="c:\users\asus\onedrive - contasis\proyectofacturafacil\tests\configuracionsistemabc.tests\bin\debug\net9.0\configuracionsistemabc.tests.dll" id="4774e882-8bed-b949-9f2c-faed1c501225">
      <Execution id="8a9381f2-1469-485b-9915-833ba3f4d5af" />
      <TestMethod codeBase="C:\Users\Asus\OneDrive - CONTASIS\ProyectoFacturaFacil\tests\ConfiguracionSistemaBC.Tests\bin\Debug\net9.0\ConfiguracionSistemaBC.Tests.dll" adapterTypeName="executor://nunit3testexecutor/" className="ConfiguracionSistemaBC.Tests.UnitTests.ValueObjects.TipoComprobanteCodigoTests" name="Json_ValorInvalido_LanzaJsonException" />
    </UnitTest>
  </TestDefinitions>
  <TestEntries>
    <TestEntry testId="8ecf491a-89bf-9a84-9e69-07925a5145d3" executionId="fc856abe-550b-434b-9a2d-9e265883ebd2" testListId="8c84fa94-04c1-424b-9868-57a2d4851a1d" />
    <TestEntry testId="2d67c718-ac7d-4432-637f-1e4119c715ff" executionId="63989579-b5c3-43d1-a95d-bc90035ccf2e" testListId="8c84fa94-04c1-424b-9868-57a2d4851a1d" />
    <TestEntry testId="229e927e-03f0-c8c8-0ec1-40d846b26c9e" executionId="32a1a977-728e-4713-9604-177b6f4fa903" testListId="8c84fa94-04c1-424b-9868-57a2d4851a1d" />
    <TestEntry testId="3f356bac-c1fd-7e65-1eaa-48f79652fb23" executionId="01d16585-718e-4bf8-b60f-3b2abb573a61" testListId="8c84fa94-04c1-424b-9868-57a2d4851a1d" />
    <TestEntry testId="28dedac5-7c59-bc52-ccbe-a80f7603e040" executionId="6f0b1d18-ba0b-4763-bf42-dae9d9a56944" testListId="8c84fa94-04c1-424b-9868-57a2d4851a1d" />
    <TestEntry testId="4774e882-8bed-b949-9f2c-faed1c501225" executionId="8a9381f2-1469-485b-9915-833ba3f4d5af" testListId="8c84fa94-04c1-424b-9868-57a2d4851a1d" />
    <TestEntry testId="6bfa5254-ff30-2515-99d6-32adf0f0e64f" executionId="5d17c72a-18af-4864-9bff-13eb43f93586" testListId="8c84fa94-04c1-424b-9868-57a2d4851a1d" />
    <TestEntry testId="7b1ad6b1-922a-b2d5-33a5-6b337525440b" executionId="5957f785-2d1a-4ed5-84b6-2e3873d205f6" testListId="8c84fa94-04c1-424b-9868-57a2d4851a1d" />
    <TestEntry testId="4d036b91-af00-770c-de3d-7615c789afd7" executionId="71b630b6-f324-4604-9d17-b6013ee7d2aa" testListId="8c84fa94-04c1-424b-9868-57a2d4851a1d" />
    <TestEntry testId="1a820d69-60e4-3414-c127-2d030b551219" executionId="71196307-095a-491b-8c59-9b0b00ee7b72" testListId="8c84fa94-04c1-424b-9868-57a2d4851a1d" />
    <TestEntry testId="95d1fe0f-35c0-d233-d21d-6ee7dcc40128" executionId="1d3e8749-690a-4699-b364-31bbb6813f3f" testListId="8c84fa94-04c1-424b-9868-57a2d4851a1d" />
    <TestEntry testId="6e338938-9249-791b-bc5b-5f0d853b4bc0" executionId="d9e96b18-a24a-4530-967c-4f5ec346d157" testListId="8c84fa94-04c1-424b-9868-57a2d4851a1d" />
    <TestEntry testId="f7962385-0d36-4874-9080-5ba814b965f2" executionId="ea0de0bc-f227-4200-a3df-2459ee53c2dc" testListId="8c84fa94-04c1-424b-9868-57a2d4851a1d" />
    <TestEntry testId="09208494-7464-5036-66bf-c9088a596b7b" executionId="0f055f7f-3917-49ea-a515-fc5d0d33429c" testListId="8c84fa94-04c1-424b-9868-57a2d4851a1d" />
    <TestEntry testId="8c5b64e0-5791-fe88-d9f9-455a9a6cf3ab" executionId="04936f95-1fa4-46fe-b1f2-efd0c77058f2" testListId="8c84fa94-04c1-424b-9868-57a2d4851a1d" />
    <TestEntry testId="c48150cd-1e5d-4a43-ac75-108804391b00" executionId="cec0d9fe-d1f3-431b-b8c5-aae681ecf63b" testListId="8c84fa94-04c1-424b-9868-57a2d4851a1d" />
    <TestEntry testId="1abcffba-bfdb-531c-756a-f79a8b19a758" executionId="703529f1-0d5a-43c3-b5a9-94b510534424" testListId="8c84fa94-04c1-424b-9868-57a2d4851a1d" />
    <TestEntry testId="4e90917c-50d5-0345-8564-398bb692ef77" executionId="48ce888c-3e03-4751-a021-2057e864141b" testListId="8c84fa94-04c1-424b-9868-57a2d4851a1d" />
    <TestEntry testId="dadd8af9-7f83-2d15-6889-6a25156296d9" executionId="ca6a69e1-5ee5-4c09-98eb-b527fb059592" testListId="8c84fa94-04c1-424b-9868-57a2d4851a1d" />
    <TestEntry testId="48eb9a03-4281-b747-5c34-86670285e5a0" executionId="b6ff34ea-e6c8-4572-971b-7a304fa22f29" testListId="8c84fa94-04c1-424b-9868-57a2d4851a1d" />
    <TestEntry testId="2916ca5a-5711-7023-ae51-84d9b6f3cda8" executionId="0bd58ad8-b453-4d9d-bfd7-fb2623924421" testListId="8c84fa94-04c1-424b-9868-57a2d4851a1d" />
    <TestEntry testId="e0f7c8a0-24de-0411-93b4-0ae74bbfa004" executionId="2c123a53-84e1-4e70-802c-0feb11dd7c7e" testListId="8c84fa94-04c1-424b-9868-57a2d4851a1d" />
    <TestEntry testId="59916718-38ce-a4be-b55d-cdbd329cca85" executionId="11670a13-92cd-46b4-a397-6a82e23b705e" testListId="8c84fa94-04c1-424b-9868-57a2d4851a1d" />
    <TestEntry testId="62a6c29d-0832-f297-ee0f-3f6d9bb2a288" executionId="3772b9d7-0f56-4e0f-8809-21d785258cfe" testListId="8c84fa94-04c1-424b-9868-57a2d4851a1d" />
    <TestEntry testId="b844cffc-fc98-6f8c-bc4c-3e573fa7107f" executionId="21fee267-8ba1-4fc5-953c-4d7322258934" testListId="8c84fa94-04c1-424b-9868-57a2d4851a1d" />
  </TestEntries>
  <TestLists>
    <TestList name="Resultados sin formato de lista" id="8c84fa94-04c1-424b-9868-57a2d4851a1d" />
    <TestList name="Todos los resultados cargados" id="19431567-8539-422a-85d7-44ee4e166bda" />
  </TestLists>
  <ResultSummary outcome="Completed">
    <Counters total="25" executed="25" passed="25" failed="0" error="0" timeout="0" aborted="0" inconclusive="0" passedButRunAborted="0" notRunnable="0" notExecuted="0" disconnected="0" warning="0" completed="0" inProgress="0" pending="0" />
    <Output>
      <StdOut>NUnit Adapter 4.6.0.0: Test execution started&#xD;
Running all tests in C:\Users\Asus\OneDrive - CONTASIS\ProyectoFacturaFacil\tests\ConfiguracionSistemaBC.Tests\bin\Debug\net9.0\ConfiguracionSistemaBC.Tests.dll&#xD;
   NUnit3TestExecutor discovered 25 of 25 NUnit test cases using Current Discovery mode, Non-Explicit run&#xD;
NUnit Adapter 4.6.0.0: Test execution complete&#xD;
</StdOut>
    </Output>
  </ResultSummary>
</TestRun>